// Jest Snapshot v1, https://goo.gl/fbAQLP

exports[`Button shared component test component and snapshot matches 1`] = `
<button
  className="sc-bwzfXH idXafH"
  onClick={[Function]}
>
  <span
    className="sc-htpNat gUfFlb"
  >
    Button 2nd test
  </span>
</button>
`;
