// Jest Snapshot v1, https://goo.gl/fbAQLP

exports[`Intro page DOM rendering test component and snapshot matches 1`] = `
<div
  className="sc-ifAKCX fgUhTV"
>
  <div
    className="sc-EHOje fBGEpx"
  >
    <button
      className="sc-bwzfXH idXafH"
      onClick={[Function]}
    >
      <span
        className="sc-htpNat gUfFlb"
      >
        Button
      </span>
    </button>
  </div>
</div>
`;
